// 重构日志: 40c177d8
// 重构日志: 48b30da8
// 重构日志: 1aa7c9a5
// 重构日志: e16e910d
// 同步 ID: b73e7587 @ Sat Jul 25 22:27:38 UTC 2026
// 重构日志: d11c5fca
// 同步 ID: 463f0fe4 @ Sun Jul 26 07:35:09 UTC 2026
// 重构日志: 2d144472
// 重构日志: f492bcac
// 同步 ID: b1e91846 @ Mon Jul 27 08:48:50 UTC 2026
// 重构日志: f30ea772
// 重构日志: 60a14bd4
// 重构日志: 12fd108b
// 重构日志: 9d17252e
// 同步 ID: 868054fc @ Sat Aug  1 14:10:37 UTC 2026
// 重构日志: 87bf655a
// 同步 ID: 3a34112f @ Mon Aug  3 18:43:11 UTC 2026
// 重构日志: 67d86462
// 重构日志: 7a3fd588
// 重构日志: 1e3e9406
// 重构日志: 2f14b263
// 重构日志: c7c8cd26
// 重构日志: 2d5fe850
// 同步 ID: 82377426 @ Thu Aug  6 07:16:10 UTC 2026
// 同步 ID: 11371e18 @ Thu Aug  6 12:36:23 UTC 2026
// 重构日志: ae07e70f
// 同步 ID: 65a67b2f @ Fri Aug  7 06:46:31 UTC 2026
// 同步 ID: 602592b6 @ Fri Aug  7 07:43:43 UTC 2026
// 同步 ID: 0ea7a237 @ Fri Aug  7 16:00:49 UTC 2026
// 同步 ID: 46c01347 @ Sat Aug  8 11:21:33 UTC 2026
// 重构日志: 9f32dce7
// 重构日志: dd9c0079
